Target: 64-bit little-endian x86_64-unknown-linux with esbmclibc
Reading GOTO program from file
Relational bridge: retargeted 1 call(s) from `c:@F@__ESBMC_PY_TARGET` to `py:/workspaces/faas-python-c-verification/experiments/phase4_product_probe/py_side.py@F@py_f`
GOTO program creation time: 0.115s
GOTO program processing time: 0.013s
Starting Bounded Model Checking
Symex completed in: 0.001s (29 assignments)
Caching time: 0.000s (removed 0 assertions)
Slicing time: 0.000s (removed 14 assignments)
Generated 3 VCC(s), 3 remaining after simplification (15 assignments)
No solver specified; defaulting to z3
Encoding remaining VCC(s) using bit-vector/floating-point arithmetic
Encoding to solver time: 0.000s
Solving with solver Z3 v4.13.3
Runtime decision procedure: 0.004s
Building error trace

[Counterexample]


State 1 file /workspaces/faas-python-c-verification/experiments/phase4_product_probe/phase4d_v0_bad/equiv_harness.c line 16 column 5 function equiv_main thread 0
----------------------------------------------------
  x = 1048576 (00000000 00010000 00000000 00000000)

State 2 file /workspaces/faas-python-c-verification/experiments/phase4_product_probe/phase4d_v0_bad/equiv_harness.c line 18 column 5 function equiv_main thread 0
----------------------------------------------------
  r_py = 0 (00000000 00000000 00000000 00000000 00000000 00000000 00000000 00000000)

State 3 file /workspaces/faas-python-c-verification/experiments/phase4_product_probe/phase4d_v0_bad/equiv_harness.c line 19 column 5 function equiv_main thread 0
----------------------------------------------------
  r_c = 1 (00000000 00000000 00000000 00000000 00000000 00000000 00000000 00000001)

State 4 file /workspaces/faas-python-c-verification/experiments/phase4_product_probe/phase4d_v0_bad/equiv_harness.c line 21 column 5 function equiv_main thread 0
----------------------------------------------------
Violated property:
  file /workspaces/faas-python-c-verification/experiments/phase4_product_probe/phase4d_v0_bad/equiv_harness.c line 21 column 5 function equiv_main
  __VERIFY_EQUIV_RELATIONAL_PROPERTY__
  r_py == r_c


** Results:
/workspaces/faas-python-c-verification/experiments/phase4_product_probe/phase4c/c_bad.c, function c_f
  NOT CHECKED  [c_f.arithmetic-overflow.1]   line  4  arithmetic overflow on add
/workspaces/faas-python-c-verification/experiments/phase4_product_probe/phase4d_v0_bad/equiv_harness.c, function equiv_main
  FAILED       [equiv_main.assertion.1]      line 21  __VERIFY_EQUIV_RELATIONAL_PROPERTY__
/workspaces/faas-python-c-verification/experiments/phase4_product_probe/py_side.py, function py_f
  NOT CHECKED  [py_f.arithmetic-overflow.1]  line  3  arithmetic overflow on add

** 1 of 3 properties failed, 2 not checked
   (this mode stops at the first violation; use --multi-property for a verdict on every property)

VERIFICATION FAILED
ESBMC version 8.4.0 64-bit x86_64 linux
