VERIFY_EQUIV_COMMAND: /workspaces/esbmc-current/build/src/esbmc/esbmc --binary /workspaces/faas-python-c-verification/experiments/phase4e_generalization/case2/run_bad/python.gb /workspaces/faas-python-c-verification/experiments/phase4e_generalization/case2/run_bad/c.gb /workspaces/faas-python-c-verification/experiments/phase4e_generalization/case2/run_bad/harness.gb --equiv-py-target f --equiv-c-target f --function c:@F@equiv_main --unwind 12 --overflow-check
Target: 64-bit little-endian x86_64-unknown-linux with esbmclibc
Reading GOTO program from file
Relational bridge: retargeted 1 call(s) from `c:@F@__ESBMC_PY_TARGET` to `py:/workspaces/faas-python-c-verification/experiments/phase4e_generalization/case2/good.py@F@f`
Relational bridge: retargeted 1 C call(s) from `c:@F@__ESBMC_C_TARGET` to `c:@F@f`
GOTO program creation time: 0.106s
GOTO program processing time: 0.012s
Starting Bounded Model Checking
Unwinding loop 158 iteration 1   file /workspaces/faas-python-c-verification/experiments/phase4e_generalization/case2/good.py function f
Unwinding loop 158 iteration 2   file /workspaces/faas-python-c-verification/experiments/phase4e_generalization/case2/good.py function f
Unwinding loop 158 iteration 3   file /workspaces/faas-python-c-verification/experiments/phase4e_generalization/case2/good.py function f
Unwinding loop 158 iteration 4   file /workspaces/faas-python-c-verification/experiments/phase4e_generalization/case2/good.py function f
Unwinding loop 129 iteration 1   file /workspaces/faas-python-c-verification/experiments/phase4e_generalization/case2/bad.c line 6 column 5 function f
Unwinding loop 129 iteration 2   file /workspaces/faas-python-c-verification/experiments/phase4e_generalization/case2/bad.c line 6 column 5 function f
Unwinding loop 129 iteration 3   file /workspaces/faas-python-c-verification/experiments/phase4e_generalization/case2/bad.c line 6 column 5 function f
Symex completed in: 0.002s (99 assignments)
Caching time: 0.000s (removed 0 assertions)
Slicing time: 0.000s (removed 57 assignments)
Generated 16 VCC(s), 15 remaining after simplification (42 assignments)
No solver specified; defaulting to z3
Encoding remaining VCC(s) using bit-vector/floating-point arithmetic
Encoding to solver time: 0.001s
Solving with solver Z3 v4.13.3
Runtime decision procedure: 0.005s
Building error trace

[Counterexample]


State 1 file /workspaces/faas-python-c-verification/experiments/phase4e_generalization/case2/run_bad/equiv_harness.c line 16 column 5 function equiv_main thread 0
----------------------------------------------------
  x = 8195 (00000000 00000000 00100000 00000011)

State 6 file /workspaces/faas-python-c-verification/experiments/phase4e_generalization/case2/good.py line 6 column 12 function f thread 0
----------------------------------------------------
  count = 2 (00000000 00000000 00000000 00000000 00000000 00000000 00000000 00000010)

State 9 file /workspaces/faas-python-c-verification/experiments/phase4e_generalization/case2/good.py line 6 column 12 function f thread 0
----------------------------------------------------
  count = 3 (00000000 00000000 00000000 00000000 00000000 00000000 00000000 00000011)

State 12 file /workspaces/faas-python-c-verification/experiments/phase4e_generalization/case2/good.py line 6 column 12 function f thread 0
----------------------------------------------------
  count = 4 (00000000 00000000 00000000 00000000 00000000 00000000 00000000 00000100)

State 13 file /workspaces/faas-python-c-verification/experiments/phase4e_generalization/case2/run_bad/equiv_harness.c line 18 column 5 function equiv_main thread 0
----------------------------------------------------
  r_py = 4 (00000000 00000000 00000000 00000000 00000000 00000000 00000000 00000100)

State 17 file /workspaces/faas-python-c-verification/experiments/phase4e_generalization/case2/bad.c line 9 column 13 function f thread 0
----------------------------------------------------
  count = 2 (00000000 00000000 00000000 00000010)

State 20 file /workspaces/faas-python-c-verification/experiments/phase4e_generalization/case2/bad.c line 9 column 13 function f thread 0
----------------------------------------------------
  count = 3 (00000000 00000000 00000000 00000011)

State 22 file /workspaces/faas-python-c-verification/experiments/phase4e_generalization/case2/run_bad/equiv_harness.c line 19 column 5 function equiv_main thread 0
----------------------------------------------------
  r_c = 3 (00000000 00000000 00000000 00000000 00000000 00000000 00000000 00000011)

State 23 file /workspaces/faas-python-c-verification/experiments/phase4e_generalization/case2/run_bad/equiv_harness.c line 21 column 5 function equiv_main thread 0
----------------------------------------------------
Violated property:
  file /workspaces/faas-python-c-verification/experiments/phase4e_generalization/case2/run_bad/equiv_harness.c line 21 column 5 function equiv_main
  __VERIFY_EQUIV_RELATIONAL_PROPERTY__
  r_py == r_c


** Results:
/workspaces/faas-python-c-verification/experiments/phase4e_generalization/case2/bad.c, function f
  NOT CHECKED  [f.arithmetic-overflow.1]                  line  6  arithmetic overflow on add
  NOT CHECKED  [f.arithmetic-overflow.2]                  line  9  arithmetic overflow on add
/workspaces/faas-python-c-verification/experiments/phase4e_generalization/case2/run_bad/equiv_harness.c, function equiv_main
  FAILED       [equiv_main.assertion.1]                   line 21  __VERIFY_EQUIV_RELATIONAL_PROPERTY__
/workspaces/faas-python-c-verification/experiments/phase4e_generalization/case2/good.py, function ESBMC_range_next_
  NOT CHECKED  [ESBMC_range_next_.arithmetic-overflow.1]  line  1  arithmetic overflow on add
/workspaces/faas-python-c-verification/experiments/phase4e_generalization/case2/good.py, function f
  PASSED       [f.assertion.1]                            line  0  range() arg 3 must not be zero
  NOT CHECKED  [f.arithmetic-overflow.3]                  line  6  arithmetic overflow on add

** 1 of 6 properties failed, 1 passed, 4 not checked
   (this mode stops at the first violation; use --multi-property for a verdict on every property)

VERIFICATION FAILED
ESBMC version 8.4.0 64-bit x86_64 linux
