Target: 64-bit little-endian x86_64-unknown-linux with esbmclibc
Reading GOTO program from file
Relational bridge: preserved Python initialization entry as `c:@F@__ESBMC_PY_INIT_ENTRY`
Relational bridge: retargeted 1 call(s) from `c:@F@__ESBMC_PY_TARGET` to `py:experiments/phase5_list_adapter/linker_v2_mutant_n1/python_adapter.py@F@__VEQ_PY_LIST_INT_ADAPTER`
Relational bridge: retargeted 1 C call(s) from `c:@F@__ESBMC_C_TARGET` to `c:@F@__VEQ_C_LIST_INT_ADAPTER`
GOTO program creation time: 0.112s
GOTO program processing time: 0.013s
Starting Bounded Model Checking
Unwinding loop 158 iteration 1   file experiments/phase5_list_adapter/linker_v2_mutant_n1/python_adapter.py line 4 column 4 function f
Unwinding loop 158 iteration 2   file experiments/phase5_list_adapter/linker_v2_mutant_n1/python_adapter.py line 4 column 4 function f
Not unwinding loop 158 iteration 3   file experiments/phase5_list_adapter/linker_v2_mutant_n1/python_adapter.py line 4 column 4 function f
Unwinding loop 129 iteration 1   file experiments/phase5_list_adapter/linker_v2_mutant_n1/c_bad.c line 5 column 5 function f
Unwinding loop 129 iteration 2   file experiments/phase5_list_adapter/linker_v2_mutant_n1/c_bad.c line 5 column 5 function f
Not unwinding loop 129 iteration 3   file experiments/phase5_list_adapter/linker_v2_mutant_n1/c_bad.c line 5 column 5 function f
Symex completed in: 0.009s (361 assignments)
Caching time: 0.000s (removed 13 assertions)
Slicing time: 0.000s (removed 207 assignments)
Generated 123 VCC(s), 48 remaining after simplification (141 assignments)
No solver specified; defaulting to z3
Encoding remaining VCC(s) using bit-vector/floating-point arithmetic
Encoding to solver time: 0.002s
Solving with solver Z3 v4.13.3
Runtime decision procedure: 0.031s
Building error trace

[Counterexample]


State 1 file experiments/phase5_list_adapter/linker_v2_mutant_n1/equiv_harness.c line 19 column 5 function equiv_main thread 0
----------------------------------------------------
  selector = 1073741824 (01000000 00000000 00000000 00000000)

State 2 file experiments/phase5_list_adapter/linker_v2_mutant_n1/equiv_harness.c line 20 column 5 function equiv_main thread 0
----------------------------------------------------
  e0 = 0 (00000000 00000000 00000000 00000000)

State 7 file /workspaces/esbmc-current/src/c2goto/library/python/list.c line 144 column 5 function __ESBMC_copy_value thread 0
----------------------------------------------------
  *(unsigned long int *)copied = 0 (00000000)

State 8 file /workspaces/esbmc-current/src/c2goto/library/python/list.c line 144 column 5 function __ESBMC_copy_value thread 0
----------------------------------------------------
  *(unsigned long int *)copied = 0 (00000000)

State 9 file /workspaces/esbmc-current/src/c2goto/library/python/list.c line 144 column 5 function __ESBMC_copy_value thread 0
----------------------------------------------------
  *(unsigned long int *)copied = 0 (00000000)

State 10 file /workspaces/esbmc-current/src/c2goto/library/python/list.c line 144 column 5 function __ESBMC_copy_value thread 0
----------------------------------------------------
  *(unsigned long int *)copied = 0 (00000000)

State 11 file /workspaces/esbmc-current/src/c2goto/library/python/list.c line 144 column 5 function __ESBMC_copy_value thread 0
----------------------------------------------------
  *(unsigned long int *)copied = 0 (00000000)

State 12 file /workspaces/esbmc-current/src/c2goto/library/python/list.c line 144 column 5 function __ESBMC_copy_value thread 0
----------------------------------------------------
  *(unsigned long int *)copied = 0 (00000000)

State 13 file /workspaces/esbmc-current/src/c2goto/library/python/list.c line 144 column 5 function __ESBMC_copy_value thread 0
----------------------------------------------------
  *(unsigned long int *)copied = 0 (00000000)

State 14 file /workspaces/esbmc-current/src/c2goto/library/python/list.c line 144 column 5 function __ESBMC_copy_value thread 0
----------------------------------------------------
  *(unsigned long int *)copied = 0 (00000000)

State 17 file /workspaces/esbmc-current/src/c2goto/library/python/list.c line 184 column 3 function __ESBMC_list_push thread 0
----------------------------------------------------
  item->value = { .value=&dynamic_3_array[0], .float_idx=0, .type_id=0,
    .size=0 }

State 18 file /workspaces/esbmc-current/src/c2goto/library/python/list.c line 185 column 3 function __ESBMC_list_push thread 0
----------------------------------------------------
  item->float_idx = { .value=&dynamic_3_array[0], .float_idx=0, .type_id=0,
    .size=0 }

State 19 file /workspaces/esbmc-current/src/c2goto/library/python/list.c line 186 column 3 function __ESBMC_list_push thread 0
----------------------------------------------------
  item->type_id = { .value=&dynamic_3_array[0], .float_idx=0, .type_id=0xAED305094B3D4A9F,
    .size=0 }

State 20 file /workspaces/esbmc-current/src/c2goto/library/python/list.c line 187 column 3 function __ESBMC_list_push thread 0
----------------------------------------------------
  item->size = { .value=&dynamic_3_array[0], .float_idx=0, .type_id=0xAED305094B3D4A9F,
    .size=8 }

State 22 file experiments/phase5_list_adapter/linker_v2_mutant_n1/python_adapter.py line 4 column 4 function f thread 0
----------------------------------------------------
  ESBMC_length_0 = 1 (00000000 00000000 00000000 00000000 00000000 00000000 00000000 00000001)

State 31 file experiments/phase5_list_adapter/linker_v2_mutant_n1/python_adapter.py line 4 column 4 function f thread 0
----------------------------------------------------
  x = 0 (00000000 00000000 00000000 00000000 00000000 00000000 00000000 00000000)

State 33 file experiments/phase5_list_adapter/linker_v2_mutant_n1/equiv_harness.c line 22 column 5 function equiv_main thread 0
----------------------------------------------------
  r_py = 0 (00000000 00000000 00000000 00000000 00000000 00000000 00000000 00000000)

State 34 file experiments/phase5_list_adapter/linker_v2_mutant_n1/c_bad.c line 24 column 5 function __VEQ_C_LIST_INT_ADAPTER thread 0
----------------------------------------------------
  xs = { e0?1!0&0#1 }

State 37 file experiments/phase5_list_adapter/linker_v2_mutant_n1/equiv_harness.c line 28 column 5 function equiv_main thread 0
----------------------------------------------------
  r_c = 1 (00000000 00000000 00000000 00000000 00000000 00000000 00000000 00000001)

State 38 file experiments/phase5_list_adapter/linker_v2_mutant_n1/equiv_harness.c line 34 column 5 function equiv_main thread 0
----------------------------------------------------
Violated property:
  file experiments/phase5_list_adapter/linker_v2_mutant_n1/equiv_harness.c line 34 column 5 function equiv_main
  __VERIFY_EQUIV_RELATIONAL_PROPERTY__
  r_py == r_c


** Results:
/workspaces/esbmc-current/src/c2goto/library/python/list.c, function __ESBMC_copy_value
  PASSED       [__ESBMC_copy_value.object-out-of-bounds.1]         line 111  dereference failure: Access to object out of bounds
  PASSED       [__ESBMC_copy_value.assertion.1]                    line 111  dereference failure: Incorrect alignment when accessing data object
  PASSED       [__ESBMC_copy_value.object-out-of-bounds.2]         line 144  dereference failure: Access to object out of bounds
  PASSED       [__ESBMC_copy_value.assertion.2]                    line 144  dereference failure: Incorrect alignment when accessing data object
  NOT CHECKED  [__ESBMC_copy_value.array-bounds-violated.1]        line 144  dereference failure: array bounds violated
  NOT CHECKED  [__ESBMC_copy_value.invalidated-dynamic-object.1]   line 144  dereference failure: invalidated dynamic object
/workspaces/esbmc-current/src/c2goto/library/python/list.c, function __ESBMC_list_at
  PASSED       [__ESBMC_list_at.object-out-of-bounds.1]            line 497  dereference failure: Access to object out of bounds
  PASSED       [__ESBMC_list_at.assertion.1]                       line 497  dereference failure: Incorrect alignment when accessing data object
  NOT CHECKED  [__ESBMC_list_at.invalidated-dynamic-object.1]      line 497  dereference failure: invalidated dynamic object
  NOT CHECKED  [__ESBMC_list_at.assertion.2]                       line 497  out-of-bounds read in list
  PASSED       [__ESBMC_list_at.object-out-of-bounds.2]            line 498  dereference failure: Access to object out of bounds
  PASSED       [__ESBMC_list_at.assertion.3]                       line 498  dereference failure: Incorrect alignment when accessing data object
  NOT CHECKED  [__ESBMC_list_at.invalidated-dynamic-object.2]      line 498  dereference failure: invalidated dynamic object
/workspaces/esbmc-current/src/c2goto/library/python/list.c, function __ESBMC_list_create
  PASSED       [__ESBMC_list_create.object-out-of-bounds.1]        line  87  dereference failure: Access to object out of bounds
  PASSED       [__ESBMC_list_create.assertion.1]                   line  87  dereference failure: Incorrect alignment when accessing data object
  NOT CHECKED  [__ESBMC_list_create.invalidated-dynamic-object.1]  line  87  dereference failure: invalidated dynamic object
  PASSED       [__ESBMC_list_create.object-out-of-bounds.2]        line  88  dereference failure: Access to object out of bounds
  PASSED       [__ESBMC_list_create.assertion.2]                   line  88  dereference failure: Incorrect alignment when accessing data object
  NOT CHECKED  [__ESBMC_list_create.invalidated-dynamic-object.2]  line  88  dereference failure: invalidated dynamic object
  PASSED       [__ESBMC_list_create.object-out-of-bounds.3]        line  89  dereference failure: Access to object out of bounds
  PASSED       [__ESBMC_list_create.assertion.3]                   line  89  dereference failure: Incorrect alignment when accessing data object
  NOT CHECKED  [__ESBMC_list_create.invalidated-dynamic-object.3]  line  89  dereference failure: invalidated dynamic object
/workspaces/esbmc-current/src/c2goto/library/python/list.c, function __ESBMC_list_push
  PASSED       [__ESBMC_list_push.object-out-of-bounds.1]          line 183  dereference failure: Access to object out of bounds
  PASSED       [__ESBMC_list_push.assertion.1]                     line 183  dereference failure: Incorrect alignment when accessing data object
  NOT CHECKED  [__ESBMC_list_push.invalidated-dynamic-object.1]    line 183  dereference failure: invalidated dynamic object
  NOT CHECKED  [__ESBMC_list_push.invalidated-dynamic-object.2]    line 184  dereference failure: invalidated dynamic object
  PASSED       [__ESBMC_list_push.assertion.2]                     line 185  dereference failure: Incorrect alignment when accessing data object
  NOT CHECKED  [__ESBMC_list_push.invalidated-dynamic-object.3]    line 185  dereference failure: invalidated dynamic object
  PASSED       [__ESBMC_list_push.assertion.3]                     line 186  dereference failure: Incorrect alignment when accessing data object
  NOT CHECKED  [__ESBMC_list_push.invalidated-dynamic-object.4]    line 186  dereference failure: invalidated dynamic object
  PASSED       [__ESBMC_list_push.assertion.4]                     line 187  dereference failure: Incorrect alignment when accessing data object
  NOT CHECKED  [__ESBMC_list_push.invalidated-dynamic-object.5]    line 187  dereference failure: invalidated dynamic object
  PASSED       [__ESBMC_list_push.object-out-of-bounds.2]          line 188  dereference failure: Access to object out of bounds
  PASSED       [__ESBMC_list_push.assertion.5]                     line 188  dereference failure: Incorrect alignment when accessing data object
  NOT CHECKED  [__ESBMC_list_push.invalidated-dynamic-object.6]    line 188  dereference failure: invalidated dynamic object
/workspaces/esbmc-current/src/c2goto/library/python/list.c, function __ESBMC_list_size
  PASSED       [__ESBMC_list_size.object-out-of-bounds.1]          line  95  dereference failure: Access to object out of bounds
  PASSED       [__ESBMC_list_size.assertion.1]                     line  95  dereference failure: Incorrect alignment when accessing data object
  NOT CHECKED  [__ESBMC_list_size.invalidated-dynamic-object.1]    line  95  dereference failure: invalidated dynamic object
experiments/phase5_list_adapter/linker_v2_mutant_n1/c_bad.c, function f
  NOT CHECKED  [f.assertion.1]                                     line   5  unwinding assertion loop 129
  NOT CHECKED  [f.arithmetic-overflow.1]                           line   5  arithmetic overflow on add
  PASSED       [f.assertion.2]                                     line   8  dereference failure: Incorrect alignment when accessing data object
  PASSED       [f.array-bounds-violated.1]                         line   8  dereference failure: array bounds violated
  NOT CHECKED  [f.arithmetic-overflow.2]                           line   9  arithmetic overflow on add
experiments/phase5_list_adapter/linker_v2_mutant_n1/equiv_harness.c, function equiv_main
  FAILED       [equiv_main.assertion.1]                            line  34  __VERIFY_EQUIV_RELATIONAL_PROPERTY__
experiments/phase5_list_adapter/linker_v2_mutant_n1/python_adapter.py, function f
  NOT CHECKED  [f.arithmetic-overflow.3]                           line   4  arithmetic overflow on add
  NOT CHECKED  [f.assertion.3]                                     line   4  dereference failure: Incorrect alignment when accessing data object
  NOT CHECKED  [f.array-bounds-violated.2]                         line   4  dereference failure: array bounds violated
  NOT CHECKED  [f.invalid-pointer-dereference.1]                   line   4  dereference failure: invalid pointer
  NOT CHECKED  [f.invalidated-dynamic-object.1]                    line   4  dereference failure: invalidated dynamic object
  NOT CHECKED  [f.assertion.4]                                     line   4  unwinding assertion loop 158
  NOT CHECKED  [f.arithmetic-overflow.4]                           line   6  arithmetic overflow on add

** 1 of 51 properties failed, 25 passed, 25 not checked
   (this mode stops at the first violation; use --multi-property for a verdict on every property)

VERIFICATION FAILED
ESBMC version 8.4.0 64-bit x86_64 linux
