VERIFY_EQUIV_COMMAND: /workspaces/esbmc-current/build/src/esbmc/esbmc --binary /workspaces/faas-python-c-verification/experiments/phase5_list_adapter/append_sweep/len_2/check/python.gb /workspaces/faas-python-c-verification/experiments/phase5_list_adapter/append_sweep/len_2/check/c.gb /workspaces/faas-python-c-verification/experiments/phase5_list_adapter/append_sweep/len_2/check/harness.gb --equiv-py-target __VEQ_PY_LIST_INT_ADAPTER --equiv-c-target __VEQ_C_LIST_INT_ADAPTER --function c:@F@equiv_main --unwind 3 --overflow-check
Target: 64-bit little-endian x86_64-unknown-linux with esbmclibc
Reading GOTO program from file
Relational bridge: retargeted 1 call(s) from `c:@F@__ESBMC_PY_TARGET` to `py:/workspaces/faas-python-c-verification/experiments/phase5_list_adapter/append_sweep/len_2/generated/python_adapter.py@F@__VEQ_PY_LIST_INT_ADAPTER`
Relational bridge: retargeted 1 C call(s) from `c:@F@__ESBMC_C_TARGET` to `c:@F@__VEQ_C_LIST_INT_ADAPTER`
GOTO program creation time: 0.115s
GOTO program processing time: 0.014s
Starting Bounded Model Checking
Unwinding loop 158 iteration 1   file /workspaces/faas-python-c-verification/experiments/phase5_list_adapter/append_sweep/len_2/generated/python_adapter.py line 4 column 4 function f
Unwinding loop 158 iteration 2   file /workspaces/faas-python-c-verification/experiments/phase5_list_adapter/append_sweep/len_2/generated/python_adapter.py line 4 column 4 function f
Not unwinding loop 158 iteration 3   file /workspaces/faas-python-c-verification/experiments/phase5_list_adapter/append_sweep/len_2/generated/python_adapter.py line 4 column 4 function f
Unwinding loop 129 iteration 1   file /workspaces/faas-python-c-verification/experiments/phase5_list_adapter/append_sweep/len_2/generated/c_adapter.c line 5 column 5 function f
Unwinding loop 129 iteration 2   file /workspaces/faas-python-c-verification/experiments/phase5_list_adapter/append_sweep/len_2/generated/c_adapter.c line 5 column 5 function f
Not unwinding loop 129 iteration 3   file /workspaces/faas-python-c-verification/experiments/phase5_list_adapter/append_sweep/len_2/generated/c_adapter.c line 5 column 5 function f
Symex completed in: 0.012s (379 assignments)
Caching time: 0.000s (removed 33 assertions)
Slicing time: 0.001s (removed 162 assignments)
Generated 175 VCC(s), 61 remaining after simplification (184 assignments)
No solver specified; defaulting to z3
Encoding remaining VCC(s) using bit-vector/floating-point arithmetic
Encoding to solver time: 0.003s
Solving with solver Z3 v4.13.3
Runtime decision procedure: 1.223s
Building error trace

[Counterexample]


State 1 file /workspaces/faas-python-c-verification/experiments/phase5_list_adapter/append_sweep/len_2/check/equiv_harness.c line 19 column 5 function equiv_main thread 0
----------------------------------------------------
  selector = 0 (00000000 00000000 00000000 00000000)

State 2 file /workspaces/faas-python-c-verification/experiments/phase5_list_adapter/append_sweep/len_2/check/equiv_harness.c line 20 column 5 function equiv_main thread 0
----------------------------------------------------
  e0 = 2 (00000000 00000000 00000000 00000010)

State 3 file /workspaces/faas-python-c-verification/experiments/phase5_list_adapter/append_sweep/len_2/check/equiv_harness.c line 21 column 5 function equiv_main thread 0
----------------------------------------------------
  e1 = 0 (00000000 00000000 00000000 00000000)

State 7 file /workspaces/faas-python-c-verification/experiments/phase5_list_adapter/append_sweep/len_2/generated/python_adapter.py line 4 column 4 function f thread 0
----------------------------------------------------
  ESBMC_length_0 = 0 (00000000 00000000 00000000 00000000 00000000 00000000 00000000 00000000)

State 8 file /workspaces/faas-python-c-verification/experiments/phase5_list_adapter/append_sweep/len_2/check/equiv_harness.c line 23 column 5 function equiv_main thread 0
----------------------------------------------------
  r_py = 1 (00000000 00000000 00000000 00000000 00000000 00000000 00000000 00000001)

State 9 file /workspaces/faas-python-c-verification/experiments/phase5_list_adapter/append_sweep/len_2/generated/c_adapter.c line 27 column 5 function __VEQ_C_LIST_INT_ADAPTER thread 0
----------------------------------------------------
  xs = { e0?1!0&0#1, e1?1!0&0#1 }

State 10 file /workspaces/faas-python-c-verification/experiments/phase5_list_adapter/append_sweep/len_2/check/equiv_harness.c line 26 column 5 function equiv_main thread 0
----------------------------------------------------
  r_c = 0 (00000000 00000000 00000000 00000000 00000000 00000000 00000000 00000000)

State 11 file /workspaces/faas-python-c-verification/experiments/phase5_list_adapter/append_sweep/len_2/check/equiv_harness.c line 29 column 5 function equiv_main thread 0
----------------------------------------------------
Violated property:
  file /workspaces/faas-python-c-verification/experiments/phase5_list_adapter/append_sweep/len_2/check/equiv_harness.c line 29 column 5 function equiv_main
  __VERIFY_EQUIV_RELATIONAL_PROPERTY__
  r_py == r_c


** Results:
/workspaces/esbmc-current/src/c2goto/library/python/list.c, function __ESBMC_copy_value
  PASSED       [__ESBMC_copy_value.object-out-of-bounds.1]         line 111  dereference failure: Access to object out of bounds
  PASSED       [__ESBMC_copy_value.assertion.1]                    line 111  dereference failure: Incorrect alignment when accessing data object
  PASSED       [__ESBMC_copy_value.object-out-of-bounds.2]         line 144  dereference failure: Access to object out of bounds
  PASSED       [__ESBMC_copy_value.assertion.2]                    line 144  dereference failure: Incorrect alignment when accessing data object
  NOT CHECKED  [__ESBMC_copy_value.array-bounds-violated.1]        line 144  dereference failure: array bounds violated
  NOT CHECKED  [__ESBMC_copy_value.invalidated-dynamic-object.1]   line 144  dereference failure: invalidated dynamic object
/workspaces/esbmc-current/src/c2goto/library/python/list.c, function __ESBMC_list_at
  PASSED       [__ESBMC_list_at.object-out-of-bounds.1]            line 497  dereference failure: Access to object out of bounds
  PASSED       [__ESBMC_list_at.assertion.1]                       line 497  dereference failure: Incorrect alignment when accessing data object
  NOT CHECKED  [__ESBMC_list_at.invalidated-dynamic-object.1]      line 497  dereference failure: invalidated dynamic object
  NOT CHECKED  [__ESBMC_list_at.assertion.2]                       line 497  out-of-bounds read in list
  PASSED       [__ESBMC_list_at.object-out-of-bounds.2]            line 498  dereference failure: Access to object out of bounds
  PASSED       [__ESBMC_list_at.assertion.3]                       line 498  dereference failure: Incorrect alignment when accessing data object
  NOT CHECKED  [__ESBMC_list_at.invalidated-dynamic-object.2]      line 498  dereference failure: invalidated dynamic object
/workspaces/esbmc-current/src/c2goto/library/python/list.c, function __ESBMC_list_create
  PASSED       [__ESBMC_list_create.object-out-of-bounds.1]        line  87  dereference failure: Access to object out of bounds
  PASSED       [__ESBMC_list_create.assertion.1]                   line  87  dereference failure: Incorrect alignment when accessing data object
  NOT CHECKED  [__ESBMC_list_create.invalidated-dynamic-object.1]  line  87  dereference failure: invalidated dynamic object
  PASSED       [__ESBMC_list_create.object-out-of-bounds.2]        line  88  dereference failure: Access to object out of bounds
  PASSED       [__ESBMC_list_create.assertion.2]                   line  88  dereference failure: Incorrect alignment when accessing data object
  NOT CHECKED  [__ESBMC_list_create.invalidated-dynamic-object.2]  line  88  dereference failure: invalidated dynamic object
  PASSED       [__ESBMC_list_create.object-out-of-bounds.3]        line  89  dereference failure: Access to object out of bounds
  PASSED       [__ESBMC_list_create.assertion.3]                   line  89  dereference failure: Incorrect alignment when accessing data object
  NOT CHECKED  [__ESBMC_list_create.invalidated-dynamic-object.3]  line  89  dereference failure: invalidated dynamic object
/workspaces/esbmc-current/src/c2goto/library/python/list.c, function __ESBMC_list_push
  PASSED       [__ESBMC_list_push.object-out-of-bounds.1]          line 183  dereference failure: Access to object out of bounds
  PASSED       [__ESBMC_list_push.assertion.1]                     line 183  dereference failure: Incorrect alignment when accessing data object
  NOT CHECKED  [__ESBMC_list_push.invalidated-dynamic-object.1]    line 183  dereference failure: invalidated dynamic object
  NOT CHECKED  [__ESBMC_list_push.invalidated-dynamic-object.2]    line 184  dereference failure: invalidated dynamic object
  PASSED       [__ESBMC_list_push.assertion.2]                     line 185  dereference failure: Incorrect alignment when accessing data object
  NOT CHECKED  [__ESBMC_list_push.invalidated-dynamic-object.3]    line 185  dereference failure: invalidated dynamic object
  PASSED       [__ESBMC_list_push.assertion.3]                     line 186  dereference failure: Incorrect alignment when accessing data object
  NOT CHECKED  [__ESBMC_list_push.invalidated-dynamic-object.4]    line 186  dereference failure: invalidated dynamic object
  PASSED       [__ESBMC_list_push.assertion.4]                     line 187  dereference failure: Incorrect alignment when accessing data object
  NOT CHECKED  [__ESBMC_list_push.invalidated-dynamic-object.5]    line 187  dereference failure: invalidated dynamic object
  PASSED       [__ESBMC_list_push.object-out-of-bounds.2]          line 188  dereference failure: Access to object out of bounds
  PASSED       [__ESBMC_list_push.assertion.5]                     line 188  dereference failure: Incorrect alignment when accessing data object
  NOT CHECKED  [__ESBMC_list_push.invalidated-dynamic-object.6]    line 188  dereference failure: invalidated dynamic object
/workspaces/esbmc-current/src/c2goto/library/python/list.c, function __ESBMC_list_size
  PASSED       [__ESBMC_list_size.object-out-of-bounds.1]          line  95  dereference failure: Access to object out of bounds
  PASSED       [__ESBMC_list_size.assertion.1]                     line  95  dereference failure: Incorrect alignment when accessing data object
  NOT CHECKED  [__ESBMC_list_size.invalidated-dynamic-object.1]    line  95  dereference failure: invalidated dynamic object
/workspaces/faas-python-c-verification/experiments/phase5_list_adapter/append_sweep/len_2/check/equiv_harness.c, function equiv_main
  FAILED       [equiv_main.assertion.1]                            line  29  __VERIFY_EQUIV_RELATIONAL_PROPERTY__
/workspaces/faas-python-c-verification/experiments/phase5_list_adapter/append_sweep/len_2/generated/c_adapter.c, function f
  NOT CHECKED  [f.assertion.1]                                     line   5  unwinding assertion loop 129
  NOT CHECKED  [f.arithmetic-overflow.1]                           line   5  arithmetic overflow on add
  PASSED       [f.assertion.2]                                     line   7  dereference failure: Incorrect alignment when accessing data object
  PASSED       [f.array-bounds-violated.1]                         line   7  dereference failure: array bounds violated
  NOT CHECKED  [f.arithmetic-overflow.2]                           line   8  arithmetic overflow on add
/workspaces/faas-python-c-verification/experiments/phase5_list_adapter/append_sweep/len_2/generated/python_adapter.py, function f
  NOT CHECKED  [f.arithmetic-overflow.3]                           line   4  arithmetic overflow on add
  NOT CHECKED  [f.assertion.3]                                     line   4  dereference failure: Incorrect alignment when accessing data object
  NOT CHECKED  [f.null-pointer-dereference.1]                      line   4  dereference failure: NULL pointer
  NOT CHECKED  [f.array-bounds-violated.2]                         line   4  dereference failure: array bounds violated
  NOT CHECKED  [f.invalid-pointer-dereference.1]                   line   4  dereference failure: invalid pointer
  NOT CHECKED  [f.invalidated-dynamic-object.1]                    line   4  dereference failure: invalidated dynamic object
  NOT CHECKED  [f.assertion.4]                                     line   4  unwinding assertion loop 158
  NOT CHECKED  [f.arithmetic-overflow.4]                           line   6  arithmetic overflow on add

** 1 of 52 properties failed, 25 passed, 26 not checked
   (this mode stops at the first violation; use --multi-property for a verdict on every property)

VERIFICATION FAILED
ESBMC version 8.4.0 64-bit x86_64 linux
