VERIFY_EQUIV_COMMAND: /workspaces/esbmc-current/build/src/esbmc/esbmc --binary /workspaces/faas-python-c-verification/experiments/regression_runs/bounded_loop_good/python.gb /workspaces/faas-python-c-verification/experiments/regression_runs/bounded_loop_good/c.gb /workspaces/faas-python-c-verification/experiments/regression_runs/bounded_loop_good/harness.gb --equiv-py-target f --equiv-c-target f --function c:@F@equiv_main --unwind 12 --overflow-check
Target: 64-bit little-endian x86_64-unknown-linux with esbmclibc
Reading GOTO program from file
Relational bridge: preserved Python module entry as `c:@F@__ESBMC_PY_MODULE_ENTRY`
Relational bridge: retargeted 1 call(s) from `c:@F@__ESBMC_PY_TARGET` to `py:/workspaces/faas-python-c-verification/experiments/phase4e_generalization/case2/good.py@F@f`
Relational bridge: retargeted 1 C call(s) from `c:@F@__ESBMC_C_TARGET` to `c:@F@f`
GOTO program creation time: 0.123s
GOTO program processing time: 0.013s
Starting Bounded Model Checking
Unwinding loop 158 iteration 1   file /workspaces/faas-python-c-verification/experiments/phase4e_generalization/case2/good.py function f
Unwinding loop 158 iteration 2   file /workspaces/faas-python-c-verification/experiments/phase4e_generalization/case2/good.py function f
Unwinding loop 158 iteration 3   file /workspaces/faas-python-c-verification/experiments/phase4e_generalization/case2/good.py function f
Unwinding loop 158 iteration 4   file /workspaces/faas-python-c-verification/experiments/phase4e_generalization/case2/good.py function f
Unwinding loop 129 iteration 1   file /workspaces/faas-python-c-verification/experiments/phase4e_generalization/case2/good.c line 5 column 5 function f
Unwinding loop 129 iteration 2   file /workspaces/faas-python-c-verification/experiments/phase4e_generalization/case2/good.c line 5 column 5 function f
Unwinding loop 129 iteration 3   file /workspaces/faas-python-c-verification/experiments/phase4e_generalization/case2/good.c line 5 column 5 function f
Unwinding loop 129 iteration 4   file /workspaces/faas-python-c-verification/experiments/phase4e_generalization/case2/good.c line 5 column 5 function f
Symex completed in: 0.002s (182 assignments)
Caching time: 0.001s (removed 0 assertions)
Slicing time: 0.000s (removed 135 assignments)
Generated 18 VCC(s), 17 remaining after simplification (47 assignments)
No solver specified; defaulting to z3
Encoding remaining VCC(s) using bit-vector/floating-point arithmetic
Encoding to solver time: 0.001s
Solving with solver Z3 v4.13.3
Runtime decision procedure: 0.016s
BMC program time: 0.024s

** Results:
/workspaces/faas-python-c-verification/experiments/phase4e_generalization/case2/good.c, function f
  PASSED       [f.arithmetic-overflow.1]                  line  5  arithmetic overflow on add
  PASSED       [f.arithmetic-overflow.2]                  line  8  arithmetic overflow on add
/workspaces/faas-python-c-verification/experiments/regression_runs/bounded_loop_good/equiv_harness.c, function equiv_main
  PASSED       [equiv_main.assertion.1]                   line 42  __VERIFY_EQUIV_RELATIONAL_PROPERTY__
/workspaces/faas-python-c-verification/experiments/phase4e_generalization/case2/good.py, function ESBMC_range_next_
  PASSED       [ESBMC_range_next_.arithmetic-overflow.1]  line  1  arithmetic overflow on add
/workspaces/faas-python-c-verification/experiments/phase4e_generalization/case2/good.py, function f
  PASSED       [f.assertion.1]                            line  0  range() arg 3 must not be zero
  PASSED       [f.arithmetic-overflow.3]                  line  6  arithmetic overflow on add

** 0 of 6 properties failed, 6 passed

VERIFICATION SUCCESSFUL
ESBMC version 8.4.0 64-bit x86_64 linux
